[connectmed.co.ke/doctor.html]
[backblue.gif]
[fade.gif]
[index.html]
[connectmed.co.ke/assets/application-c18a6126ca13fb46f829f0a393b19919123fe4e8a8857b65a9a1f5d92a66b16d.css]
[connect.facebook.net/en_US/fbevents.js]
[connectmed.co.ke/assets/application-5f43f4bfbeb3ef3eff11e0223420b962dadfd8bf40b65bd52f58316cb2750206.js]
[connectmed.co.ke/assets/v2/logo-2b9743d885ff51dafbf657e495efc32557b48c73797840ae9b3645708cbb8340.png]
[connectmed.co.ke/how-it-works.html]
[connectmed.co.ke/chronic-how-it-works.html]
[connectmed.co.ke/index.html]
[connectmed.co.ke/doctor_profiles.html]
[connectmed.co.ke/about-us.html]
[connectmed.co.ke/signin.html]
[connectmed.co.ke/signup.html]
[connectmed.co.ke/assets/symptoms/nose3-86fedb922411f164db682ed7fe145cc02d30ff6a12e604c28cc9d34e2a41034a.png]
[connectmed.co.ke/assets/symptoms/flowers-f03893c9dd1f0374e5f36d6cce4467b674872c59da035893d9cef322dd165fbc.png]
[connectmed.co.ke/assets/symptoms/throat-917ba43cbdbf0779275488330bbdba27ffc333886a656ba356e3c742be651131.png]
[connectmed.co.ke/assets/symptoms/eye-90e93b3af8396c1705d916030f939dcea4f05713df6936fb0994c5e42c7f4e79.png]
[connectmed.co.ke/assets/symptoms/skin-da701c6e0b45dee8fedfa6ae10960d729d24fae94c96b22efdf057da05c8b0da.png]
[connectmed.co.ke/assets/symptoms/wound-7ca5054f27d18fa51122474bfb775c51fe775047b51dda7ca0fe522ddcbb5a1e.png]
[connectmed.co.ke/assets/symptoms/excretory-2ac6d8d0d3fc4e905e30d6bd0dd3f165e488592fd02223c8c6fcc4dfcbd7dacb.png]
[connectmed.co.ke/assets/symptoms/belly-1e5868b9139650cc56402625c91419655c7a819e50a9753b706f752d306020e0.png]
[connectmed.co.ke/assets/symptoms/frown-a055bdc3c2cfe6e1590d590cce0bea227d054cf778c00abf29daf484fc548130.png]
[connectmed.co.ke/assets/symptoms/airplane-7ed0ff6f8f5750de7b5c2662402f57a44a60e1ba8d500f80c2f852520fb6036b.png]
[connectmed.co.ke/assets/doctor/checked2-47d57d5820bc5196fb3287ed8cb1558cad4d7a9b51c06abd6996e7660d5ea285.png]
[connectmed.co.ke/assets/doctor/resume2-ad3439b9c392c47ec42381ba98041a82f43e516f0cce950cf9be273bd8d946cb.png]
[connectmed.co.ke/assets/doctor/interview2-d499b272e4112bb12facdbc0f4deb84f9fe2f52b95b1491240790a67c657b98f.png]
[connectmed.co.ke/cdn-cgi/l/email-protection.html]
[connectmed.co.ke/patient/signin.html]
[connectmed.co.ke/doctor/signin.html]
[connectmed.co.ke/clinic.html]
[connectmed.co.ke/assets/v2/logo_white_text-7d0f0e2a5b590bd028ff5eee23c3a5095e2f816aa3e4ea90d9186a849d574ffd.png]
[connectmed.co.ke/cdn-cgi/scripts/5c5dd728/cloudflare-static/email-decode.min.js]
[connectmed.co.ke/assets/landings-6d4c6e8b4745c697e41284ab8d3ea17342cfe30ae90c0693dfb098096648f36b.js]
[js.hs-scripts.com/1889461.1f.delayed]
[connectmed.co.ke/doctor.html]
[connectmed.co.ke/assets/star2.png]
[connectmed.co.ke/assets/sharpstar-grey64_2.png]
[connectmed.co.ke/assets/sharpstar-purple264_2.png]
[connectmed.co.ke/assets/sharpstar-pink64_2.png]
[connectmed.co.ke/assets/sharpstar-darkpurple64_2.png]
[connectmed.co.ke/assets/bootstrap/glyphicons-halflings-regular-13634da87d9e23f8c3ed9108ce1724d183a39ad072e73e1b3d8cbf646d2d0407.eot]
[connectmed.co.ke/assets/bootstrap/glyphicons-halflings-regular-13634da87d9e23f8c3ed9108ce1724d183a39ad072e73e1b3d8cbf646d2d0407d41d.eot]
[connectmed.co.ke/assets/bootstrap/glyphicons-halflings-regular-fe185d11a49676890d47bb783312a0cda5a44c4039214094e7957b4c040ef11c.woff2]
[connectmed.co.ke/assets/bootstrap/glyphicons-halflings-regular-a26394f7ede100ca118eff2eda08596275a9839b959c226e15439557a5a80742.woff]
[connectmed.co.ke/assets/bootstrap/glyphicons-halflings-regular-e395044093757d82afcb138957d06a1ea9361bdcf0b442d06a18a8051af57456.ttf]
[connectmed.co.ke/assets/bootstrap/glyphicons-halflings-regular-42f60659d265c1a3c30f9fa42abcbb56bd4a53af4d83d316d6dd7a36903c43e5.svg]
[connectmed.co.ke/images/patterns/header-profile.png]
[connectmed.co.ke/images/patterns/shattered.png]
[connectmed.co.ke/assets/landings/header14-0047906ed1b59f826ec3da04562c2ae0f3d8b046d73e9a52f4373e557c0f17dc.png]
[connectmed.co.ke/assets/landings/header11-465f2f28bd08909691b7b93d9b9c6cd8fd6ca538422cbd5845a8f8d30949feea.png]
[connectmed.co.ke/assets/landings/clinic14-3cce5dd986906490fc503678461e159213a8ecb1c76a480d686b43ab3979d26a.png]
[connectmed.co.ke/assets/landings/doctor_background2-f7428a63bcd4200126ddeb4a909b09cb3d57518e60ff6e32dafa6681d14f731b.png]
[connectmed.co.ke/assets/landings/word_map-20e178bf1c443c7592ea3eeb44cb862e663419903f5d338f54a9a92a46605465.png]
[connectmed.co.ke/assets/landings/africa_avatars10-1597e52f29d219e14f06db68f2b9bada1d6a2521eaecc8a042c7cd041086d3ba.png]
[connectmed.co.ke/images/landings/clinic2pink.png]
[connectmed.co.ke/assets/patterns/header-profile-skin-1.png]
[connectmed.co.ke/assets/patterns/header-profile-skin-3.png]
[connectmed.co.ke/assets/patterns/header-profile-skin-2.png]
[connectmed.co.ke/assets/fontawesome-webfont-7bfcab6db99d5cfbf1705ca0536ddc78585432cc5fa41bbd7ad0f009033b2979.eot]
[connectmed.co.ke/assets/fontawesome-webfont-2adefcbc041e7d18fcf2d417879dc5a09997aa64d675b7a3c4b6ce33da13f3fe.woff2]
[connectmed.co.ke/assets/fontawesome-webfont-7bfcab6db99d5cfbf1705ca0536ddc78585432cc5fa41bbd7ad0f009033b2979d41d.eot]
[connectmed.co.ke/assets/fontawesome-webfont-aa58f33f239a0fb02f5c7a6c45c043d7a9ac9a093335806694ecd6d4edc0d6a8.ttf]
[connectmed.co.ke/assets/fontawesome-webfont-ba0c59deb5450f5cb41b3f93609ee2d0d995415877ddfa223e8a8a7533474f07.woff]
[connectmed.co.ke/assets/application-c18a6126ca13fb46f829f0a393b19919123fe4e8a8857b65a9a1f5d92a66b16d.css]
[connectmed.co.ke/assets/fontawesome-webfont-ad6157926c1622ba4e1d03d478f1541368524bfc46f51e42fe0d945f7ef323e4.svg]
[connect.facebook.net/en_US/fbevents.js]
[connectmed.co.ke/patient/signup.html]
[connectmed.co.ke/assets/symptoms/blood-sugar-4567ee6177f3b10ea18ed611b008f76972dd0d778c2d06d2001516ef3786c0c3.png]
[connectmed.co.ke/assets/symptoms/blood-pressure-28ad887d02ec0b0b918a0ba294710e7a105424e208947c0819c50c101cca5a49.png]
[connectmed.co.ke/assets/errors/doctor_yay-692fb87b1c0e678f258b32c802c48274edde5d19824464f26c1977390d87c7ec.png]
[connectmed.co.ke/assets/bootstrapFormHelpers/bootstrap-formhelpers-phone-ec5738a49c9bf573f20dc98476000760ec7ee178ec9ec3a8a562c0863d9c33de.js]
[connectmed.co.ke/index.html]
[connectmed.co.ke/assets/how-it-works/step1v2-d768702580d8e24908cf483f1b7e26b990c21517c5f66845c1dea7ab07d4d21c.png]
[connectmed.co.ke/assets/how-it-works/step2v2-0ba39f15dd854fb16909dba4dc4eea899e055dc517b0e3d25ef71dff2838bdf8.png]
[connectmed.co.ke/assets/how-it-works/step3v2-9246ffca1605f8c3ead05aaf696d533759e25b2216ecf4c07934ab3650e09cc9.png]
[connectmed.co.ke/assets/v2/pricing-6d2c76d0f7b1cc9e0dab65eb8b5e42b09f96847841175b2a49bc54da6cfb0d00.png]
[connectmed.co.ke/assets/how-it-works/checklist2-7d894b9ca9e4ca5e2e14d4b0c97c2e7836052b895ba26d8ed274a60888ecee5f.png]
[connectmed.co.ke/assets/how-it-works/heart2-d63d4e9be6299fe62e8d969bcffb2b601b335276ab00d86a0387829bdc9be0b0.png]
[connectmed.co.ke/assets/how-it-works/dashboard2-180b4407821b70ac844b8cfc1655d4278c2b7d6177f0c8b5afab686349331566.png]
[connectmed.co.ke/how-it-works.html]
[connectmed.co.ke/assets/how-it-works/coaching-6fcd83a58d20c0beef8a6990c7fe6951d2c44cba4750b1d20c4f7ba47dd9d374.png]
[connectmed.co.ke/assets/how-it-works/devices-8037605ba7809508ef0843ebbcc3f3c125592a1c03645e111bf36b3367c41b89.png]
[connectmed.co.ke/assets/how-it-works/doctor-consults-0bf151d9962da639bd11eddaf8a4517ea1619571846890de6d3a56f199cd1013.png]
[connectmed.co.ke/assets/how-it-works/medications-7fe6b47c5cbc2033db9c620f76aa9b68dfc088d71fdbdba493ba11027d8d60ef.png]
[connectmed.co.ke/assets/landings/food-app-6bd176bbbc5a206ce32e66c0b0967908cfe1d72477f2cc88c9fe14e7442846ba.png]
[connectmed.co.ke/assets/landings/test-app-486336e3873fb3b93a2f4ddb7bf4459a18dc63174901324846aa2219c6dfb68e.png]
[connectmed.co.ke/assets/landings/lesson-app-6814d236d6ee644269351c1c786425e1400007107660b3cd8f91b78c07a2d652.png]
[connectmed.co.ke/assets/landings/group-app-9d302589211df080714899c950178d70a5615bba605a7882be8db134a0c94de5.png]
[connectmed.co.ke/assets/how-it-works/hypertension-price-7656b53b0b8330ec4605208b168691b0bf41dc4ee187ce51eceba237679ee0d7.png]
[connectmed.co.ke/assets/how-it-works/diabetes-price-48438e74514adef86fc66e25b8b7430561ff042f5342f769843fee47f3e5d381.png]
[connectmed.co.ke/chronic-how-it-works.html]
[connectmed.co.ke/doctor_profiles/dolly_ngugi.html]
[connectmed-assets.s3-eu-west-2.amazonaws.com/doctors/images/000/003/802/original/Snapchat-1966792475864a.jpg]
[connectmed.co.ke/doctor_profiles/peter_mbugua.html]
[connectmed-assets.s3-eu-west-2.amazonaws.com/doctors/images/000/003/676/original/IMG_20200320_1436355192.jpg]
[connectmed.co.ke/doctor_profiles/josephine_rading.html]
[connectmed-assets.s3-eu-west-2.amazonaws.com/doctors/images/000/004/349/original/IMG_20200924_081349_27b89.jpg]
[connectmed.co.ke/doctor_profiles/sheila_wanjiru.html]
[connectmed-assets.s3-eu-west-2.amazonaws.com/doctors/images/000/003/711/original/IMG_20161007_22094443da.jpg]
[connectmed-assets.s3-eu-west-2.amazonaws.com/doctors/images/000/004/342/original/IMG_20201028_124524b106.jpg]
[connectmed.co.ke/doctor_profiles/jane_mita.html]
[connectmed-assets.s3-eu-west-2.amazonaws.com/doctors/images/000/004/343/original/IMG_20201028_1340226135.jpg]
[connectmed.co.ke/doctor_profiles/winnie_muthee.html]
[connectmed-assets.s3-eu-west-2.amazonaws.com/doctors/images/000/004/249/original/C2B00ADA-AC85-4E00-9018-1E590E34839138e7.jpg]
[connectmed.co.ke/doctor_profiles/eric_kanyi.html]
[connectmed-assets.s3-eu-west-2.amazonaws.com/doctors/images/000/003/662/original/AA_company_logo_01fc2c.png]
[connectmed.co.ke/doctor_profiles/lilian_mwaura.html]
[connectmed-assets.s3-eu-west-2.amazonaws.com/doctors/images/000/003/700/original/IMG201905141950277ba8.jpg]
[connectmed.co.ke/doctor_profiles/joyce_yuko.html]
[connectmed-assets.s3-eu-west-2.amazonaws.com/doctors/images/000/003/678/original/Joyce_Yukobb56.jpg]
[connectmed.co.ke/doctor_profiles/joyce_manthi.html]
[connectmed-assets.s3-eu-west-2.amazonaws.com/doctors/images/000/004/217/original/IMG-154020fa.jpg]
[connectmed.co.ke/doctor_profiles/leah_githinji-ferguson.html]
[connectmed-assets.s3-eu-west-2.amazonaws.com/doctors/images/000/003/980/original/leah_profile_photo687a.jpg]
[connectmed.co.ke/doctor_profiles/daphne_ngunjiri.html]
[connectmed-assets.s3-eu-west-2.amazonaws.com/doctors/images/000/003/675/original/Imaged2a1.jpg]
[connectmed.co.ke/doctor_profiles/beline_atati.html]
[connectmed-assets.s3-eu-west-2.amazonaws.com/doctors/images/000/003/968/original/IMG_20200603_131245ad14.jpg]
[connectmed.co.ke/doctor_profiles/doreen_asimba.html]
[connectmed-assets.s3-eu-west-2.amazonaws.com/doctors/images/000/003/985/original/Dr__Asimbab17c.jpg]
[connectmed.co.ke/assets/team/chris-a4bacbac064739376c28324e64c080e40c7f8345cb5e0eb347db78c310580166.png]
[connectmed.co.ke/assets/team/monique-358825d167c6c0658366e872e4dd065b1cab5280eb94cc492d8ce46f81fd2348.png]
[connectmed.co.ke/assets/team/musa-6b34877ca617c349f18d40a8a359e875a2c98124c739703f7e46de604b9bba50.png]
[connectmed.co.ke/assets/team/fibian-92539d18785eab2852624bbf6811f642ced9b229fc6a1ba7fc77b34c2a070e52.png]
[connectmed.co.ke/doctor_profiles.html]
[connectmed.co.ke/assets/about-us/pig-2e82975b6198e80b74ba1408479b68cbef4f66a24e52c8f93c69c9a75873717f.png]
[connectmed.co.ke/assets/about-us/gears-0410dbf942f7358dc19d599fe847ccaf91d94f6acb45827279d078968093a44b.png]
[connectmed.co.ke/assets/about-us/hand-b898995e4ad26c98c3b7f34bffd8b1957c1ea05ff5aff83aa92e8e68c6faa97f.png]
[connectmed.co.ke/assets/v2/melissa-eb7f7e11d2cfae1818fdc2ff0caaccbe92af0bf73bbaeeaa29c484f05293b402.jpg]
[connectmed.co.ke/assets/v2/eric-1dbd6174daece84bd3931c3fa26577ee623d0fc70c3c14595e137fdd9f5c5668.jpg]
[connectmed.co.ke/assets/v2/athman-1b65b1bb9c4b77247f01ef6e950218805eb3095d4da86dff5cf2f5bf44483b18.jpg]
[connectmed.co.ke/assets/v2/daphne-ffb2e592aab7bd8f2fc0956fe73ffb4a1da8ac1a73295852108e2db1b96aec68.jpg]
[connectmed.co.ke/about-us.html]
[connectmed.co.ke/assets/sessions-e3b0c44298fc1c149afbf4c8996fb92427ae41e4649b934ca495991b7852b855.css]
[connectmed.co.ke/assets/logos/CMLogoVertical5-1cb81fa10fcfa1dd8250f6742794756029c272e2b96dd1740e34a7938a735e01.png]
[connectmed.co.ke/receptionist/signin.html]
[connectmed.co.ke/assets/sessions-877aef30ae1b040ab8a3aba4e3e309a11d7f2612f44dde450b5c157aa5f95c05.js]
[connectmed.co.ke/signin.html]
[connectmed.co.ke/assets/users-e3b0c44298fc1c149afbf4c8996fb92427ae41e4649b934ca495991b7852b855.css]
[connectmed.co.ke/doctor/signup.html]
[connectmed.co.ke/assets/users-877aef30ae1b040ab8a3aba4e3e309a11d7f2612f44dde450b5c157aa5f95c05.js]
[connectmed.co.ke/signup.html]
[connectmed.co.ke/cdn-cgi/l/email-protection.html]
[connectmed.co.ke/patient/signin.html]
[connectmed.co.ke/doctor/signin.html]
[connectmed.co.ke/assets/landings/dashboard2-52b1197860e754db81fe1726b7dca3dcc0d8445ac54a175bb64d9520a337c0d5.png]
[connectmed.co.ke/assets/landings/consult3-01d69950c79db0defae7d08cdddac7cd2a1a51e0d31c468ab63f9902d725661d.png]
[connectmed.co.ke/clinic.html]
[js.hs-scripts.com/1889461.json]
[connectmed.co.ke/assets/star2.html]
[connectmed.co.ke/assets/bootstrap/glyphicons-halflings-regular-42f60659d265c1a3c30f9fa42abcbb56bd4a53af4d83d316d6dd7a36903c43e5.svg]
[connectmed.co.ke/images/patterns/header-profile.html]
[connectmed.co.ke/images/patterns/shattered.html]
[connectmed.co.ke/assets/landings/header14-0047906ed1b59f826ec3da04562c2ae0f3d8b046d73e9a52f4373e557c0f17dc.png]
[connectmed.co.ke/assets/landings/header2-bdf751693b2986e57c1e1d9b4527c4f267a827c501b6fd40da31d5a3db3c1e7c.jpg]
[connectmed.co.ke/images/landings/clinic2pink.html]
[connectmed.co.ke/assets/patterns/header-profile-skin-1.html]
[connectmed.co.ke/assets/patterns/header-profile-skin-3.html]
[connectmed.co.ke/assets/patterns/header-profile-skin-2.html]
[connectmed.co.ke/assets/fontawesome-webfont-ad6157926c1622ba4e1d03d478f1541368524bfc46f51e42fe0d945f7ef323e4.svg]
[www.googleadservices.com/pagead/f.txt]
[connectmed.co.ke/patient/signup.html]
[connectmed.co.ke/doctor_profiles/dolly_ngugi.html]
[connectmed.co.ke/doctor_profiles/peter_mbugua.html]
[connectmed.co.ke/doctor_profiles/josephine_rading.html]
[connectmed.co.ke/doctor_profiles/sheila_wanjiru.html]
[connectmed.co.ke/doctor_profiles/jane_mita.html]
[connectmed.co.ke/doctor_profiles/winnie_muthee.html]
[connectmed.co.ke/doctor_profiles/eric_kanyi.html]
[connectmed.co.ke/doctor_profiles/lilian_mwaura.html]
[connectmed.co.ke/doctor_profiles/joyce_yuko.html]
[connectmed.co.ke/doctor_profiles/joyce_manthi.html]
[connectmed.co.ke/doctor_profiles/leah_githinji-ferguson.html]
[connectmed.co.ke/doctor_profiles/daphne_ngunjiri.html]
[connectmed.co.ke/doctor_profiles/beline_atati.html]
[connectmed.co.ke/practices/32.html]
[connectmed.co.ke/doctor_profiles/edwine_odwori]
[connectmed.co.ke/doctor_profiles/doreen_asimba.html]
[connectmed.co.ke/assets/sessions-e3b0c44298fc1c149afbf4c8996fb92427ae41e4649b934ca495991b7852b855.css]
[connectmed.co.ke/receptionist/signin.html]
[connectmed.co.ke/assets/users-e3b0c44298fc1c149afbf4c8996fb92427ae41e4649b934ca495991b7852b855.css]
[connectmed.co.ke/doctor/signup.html]
[connectmed.co.ke/practices/39.html]
[connectmed-assets.s3-eu-west-2.amazonaws.com/practices/images/000/000/032/original/stress_management_photo7ca6.jpg]
[connectmed.co.ke/practices/32.html]
[connectmed.co.ke/doctor_profiles/edwine_odwori]
[connectmed.co.ke/imasges/original/missing.png]
[connectmed.co.ke/practices/39.html]
[connectmed.co.ke/imasges/original/missing.html]
